
> Configure project :app
.\gradlew : e: file:///D:/project/app/build.gradle.kts:105:1: 
Expecting an element
At line:1 char:1
+ .\gradlew app:assembleDebug > build_output.txt 2>&1
+ ~~~~~~~~~~~~~~~~~~~~~~~~~~~~~~~~~~~~~~~~~~~~~~~~~~~
    + CategoryInfo          : NotSpecified: (e: file:///D:/p...ting 
    an element:String) [], RemoteException
    + FullyQualifiedErrorId : NativeCommandError
 
e: file:///D:/project/app/build.gradle.kts:107:16: Expecting an 
element
e: file:///D:/project/app/build.gradle.kts:107:24: Expecting an 
element
e: file:///D:/project/app/build.gradle.kts:107:34: Expecting an 
element
e: file:///D:/project/app/build.gradle.kts:107:39: Expecting an 
element
e: file:///D:/project/app/build.gradle.kts:108:16: Expecting an 
element
e: file:///D:/project/app/build.gradle.kts:108:24: Expecting an 
element
e: file:///D:/project/app/build.gradle.kts:108:35: Expecting an 
element
e: file:///D:/project/app/build.gradle.kts:108:42: Expecting an 
element
e: file:///D:/project/app/build.gradle.kts:109:16: Expecting an 
element
e: file:///D:/project/app/build.gradle.kts:109:24: Expecting an 
element
e: file:///D:/project/app/build.gradle.kts:109:33: Expecting an 
element
e: file:///D:/project/app/build.gradle.kts:110:16: Expecting an 
element
e: file:///D:/project/app/build.gradle.kts:110:24: Expecting an 
element
e: file:///D:/project/app/build.gradle.kts:110:32: Expecting an 
element
e: file:///D:/project/app/build.gradle.kts:111:16: Expecting an 
element
e: file:///D:/project/app/build.gradle.kts:111:24: Expecting an 
element
e: file:///D:/project/app/build.gradle.kts:111:27: Expecting an 
element
e: file:///D:/project/app/build.gradle.kts:112:15: Expecting an 
element
e: file:///D:/project/app/build.gradle.kts:112:26: Expecting an 
element
e: file:///D:/project/app/build.gradle.kts:146:2: Expecting an 
element
e: file:///D:/project/app/build.gradle.kts:148:15: Expecting an 
element
e: file:///D:/project/app/build.gradle.kts:148:23: Expecting an 
element
e: file:///D:/project/app/build.gradle.kts:149:16: Expecting an 
element
e: file:///D:/project/app/build.gradle.kts:149:21: Expecting an 
element
e: file:///D:/project/app/build.gradle.kts:149:25: Expecting an 
element
e: file:///D:/project/app/build.gradle.kts:150:11: Expecting an 
element
e: file:///D:/project/app/build.gradle.kts:150:18: Expecting an 
element
e: file:///D:/project/app/build.gradle.kts:150:27: Expecting an 
element
e: file:///D:/project/app/build.gradle.kts:150:37: Expecting an 
element
e: file:///D:/project/app/build.gradle.kts:151:11: Expecting an 
element
e: file:///D:/project/app/build.gradle.kts:151:18: Expecting an 
element
e: file:///D:/project/app/build.gradle.kts:151:27: Expecting an 
element
e: file:///D:/project/app/build.gradle.kts:151:37: Expecting an 
element
e: file:///D:/project/app/build.gradle.kts:152:14: Expecting an 
element
e: file:///D:/project/app/build.gradle.kts:152:19: Expecting an 
element
e: file:///D:/project/app/build.gradle.kts:152:27: Expecting an 
element
e: file:///D:/project/app/build.gradle.kts:170:2: Expecting an 
element
e: file:///D:/project/app/build.gradle.kts:172:15: Expecting an 
element
e: file:///D:/project/app/build.gradle.kts:172:20: Expecting an 
element
e: file:///D:/project/app/build.gradle.kts:173:16: Expecting an 
element
e: file:///D:/project/app/build.gradle.kts:173:26: Expecting an 
element
e: file:///D:/project/app/build.gradle.kts:174:16: Expecting an 
element
e: file:///D:/project/app/build.gradle.kts:174:26: Expecting an 
element
e: file:///D:/project/app/build.gradle.kts:175:15: Expecting an 
element
e: file:///D:/project/app/build.gradle.kts:175:26: Expecting an 
element
e: file:///D:/project/app/build.gradle.kts:176:15: Expecting an 
element
e: file:///D:/project/app/build.gradle.kts:176:26: Expecting an 
element
e: file:///D:/project/app/build.gradle.kts:177:15: Expecting an 
element
e: file:///D:/project/app/build.gradle.kts:178:12: Expecting an 
element
e: file:///D:/project/app/build.gradle.kts:179:13: Expecting an 
element
e: file:///D:/project/app/build.gradle.kts:179:20: Expecting an 
element
e: file:///D:/project/app/build.gradle.kts:180:13: Expecting an 
element
e: file:///D:/project/app/build.gradle.kts:180:20: Expecting an 
element
e: file:///D:/project/app/build.gradle.kts:222:2: Expecting an 
element
e: file:///D:/project/app/build.gradle.kts:224:16: Expecting an 
element
e: file:///D:/project/app/build.gradle.kts:224:26: Expecting an 
element
e: file:///D:/project/app/build.gradle.kts:225:16: Expecting an 
element
e: file:///D:/project/app/build.gradle.kts:225:26: Expecting an 
element
e: file:///D:/project/app/build.gradle.kts:226:11: Expecting an 
element
e: file:///D:/project/app/build.gradle.kts:226:17: Expecting an 
element
e: file:///D:/project/app/build.gradle.kts:226:21: Expecting an 
element
e: file:///D:/project/app/build.gradle.kts:226:29: Expecting an 
element
e: file:///D:/project/app/build.gradle.kts:227:11: Expecting an 
element
e: file:///D:/project/app/build.gradle.kts:227:17: Expecting an 
element
e: file:///D:/project/app/build.gradle.kts:227:21: Expecting an 
element
e: file:///D:/project/app/build.gradle.kts:227:31: Expecting an 
element
e: file:///D:/project/app/build.gradle.kts:228:14: Expecting an 
element
e: file:///D:/project/app/build.gradle.kts:228:19: Expecting an 
element
e: file:///D:/project/app/build.gradle.kts:228:27: Expecting an 
element
e: file:///D:/project/app/build.gradle.kts:228:37: Expecting an 
element
e: file:///D:/project/app/build.gradle.kts:229:15: Expecting an 
element
e: file:///D:/project/app/build.gradle.kts:229:26: Expecting an 
element
e: file:///D:/project/app/build.gradle.kts:229:31: Expecting an 
element
e: file:///D:/project/app/build.gradle.kts:230:15: Expecting an 
element
e: file:///D:/project/app/build.gradle.kts:230:26: Expecting an 
element
e: file:///D:/project/app/build.gradle.kts:230:31: Expecting an 
element
e: file:///D:/project/app/build.gradle.kts:231:15: Expecting an 
element
e: file:///D:/project/app/build.gradle.kts:231:26: Expecting an 
element
e: file:///D:/project/app/build.gradle.kts:232:13: Expecting an 
element
e: file:///D:/project/app/build.gradle.kts:232:20: Expecting an 
element
e: file:///D:/project/app/build.gradle.kts:260:2: Expecting an 
element
e: file:///D:/project/app/build.gradle.kts:262:15: Expecting an 
element
e: file:///D:/project/app/build.gradle.kts:262:19: Expecting an 
element
e: file:///D:/project/app/build.gradle.kts:263:15: Expecting an 
element
e: file:///D:/project/app/build.gradle.kts:263:18: Expecting an 
element
e: file:///D:/project/app/build.gradle.kts:264:16: Expecting an 
element
e: file:///D:/project/app/build.gradle.kts:264:25: Expecting an 
element
e: file:///D:/project/app/build.gradle.kts:265:16: Expecting an 
element
e: file:///D:/project/app/build.gradle.kts:265:25: Expecting an 
element
e: file:///D:/project/app/build.gradle.kts:266:16: Expecting an 
element
e: file:///D:/project/app/build.gradle.kts:266:26: Expecting an 
element
e: file:///D:/project/app/build.gradle.kts:267:16: Expecting an 
element
e: file:///D:/project/app/build.gradle.kts:267:27: Expecting an 
element
e: file:///D:/project/app/build.gradle.kts:267:36: Expecting an 
element
e: file:///D:/project/app/build.gradle.kts:268:11: Expecting an 
element
e: file:///D:/project/app/build.gradle.kts:268:17: Expecting an 
element
e: file:///D:/project/app/build.gradle.kts:268:21: Expecting an 
element
e: file:///D:/project/app/build.gradle.kts:268:24: Expecting an 
element
e: file:///D:/project/app/build.gradle.kts:268:29: Expecting an 
element
e: file:///D:/project/app/build.gradle.kts:269:14: Expecting an 
element
e: file:///D:/project/app/build.gradle.kts:269:19: Expecting an 
element
e: file:///D:/project/app/build.gradle.kts:269:27: Expecting an 
element
e: file:///D:/project/app/build.gradle.kts:270:15: Expecting an 
element
e: file:///D:/project/app/build.gradle.kts:270:26: Expecting an 
element
e: file:///D:/project/app/build.gradle.kts:316:2: Expecting an 
element
e: file:///D:/project/app/build.gradle.kts:318:15: Expecting an 
element
e: file:///D:/project/app/build.gradle.kts:318:23: Expecting an 
element
e: file:///D:/project/app/build.gradle.kts:319:15: Expecting an 
element
e: file:///D:/project/app/build.gradle.kts:319:23: Expecting an 
element
e: file:///D:/project/app/build.gradle.kts:320:16: Expecting an 
element
e: file:///D:/project/app/build.gradle.kts:320:26: Expecting an 
element
e: file:///D:/project/app/build.gradle.kts:321:16: Expecting an 
element
e: file:///D:/project/app/build.gradle.kts:321:26: Expecting an 
element
e: file:///D:/project/app/build.gradle.kts:322:11: Expecting an 
element
e: file:///D:/project/app/build.gradle.kts:322:17: Expecting an 
element
e: file:///D:/project/app/build.gradle.kts:322:21: Expecting an 
element
e: file:///D:/project/app/build.gradle.kts:322:29: Expecting an 
element
e: file:///D:/project/app/build.gradle.kts:323:14: Expecting an 
element
e: file:///D:/project/app/build.gradle.kts:323:19: Expecting an 
element
e: file:///D:/project/app/build.gradle.kts:323:27: Expecting an 
element
e: file:///D:/project/app/build.gradle.kts:323:37: Expecting an 
element
e: file:///D:/project/app/build.gradle.kts:324:15: Expecting an 
element
e: file:///D:/project/app/build.gradle.kts:324:26: Expecting an 
element
e: file:///D:/project/app/build.gradle.kts:324:31: Expecting an 
element
e: file:///D:/project/app/build.gradle.kts:325:15: Expecting an 
element
e: file:///D:/project/app/build.gradle.kts:325:26: Expecting an 
element
e: file:///D:/project/app/build.gradle.kts:325:31: Expecting an 
element
e: file:///D:/project/app/build.gradle.kts:326:15: Expecting an 
element
e: file:///D:/project/app/build.gradle.kts:326:26: Expecting an 
element
w: file:///D:/project/app/build.gradle.kts:160:17: Variable 'deepLink' is never used
w: file:///D:/project/app/build.gradle.kts:161:17: Variable 'partnerName' is never used
e: file:///D:/project/app/build.gradle.kts:327:13: Expecting an 
element
e: file:///D:/project/app/build.gradle.kts:327:20: Expecting an 
element
e: file:///D:/project/app/build.gradle.kts:354:2: Expecting an 
element
e: file:///D:/project/app/build.gradle.kts:356:15: Expecting an 
element
e: file:///D:/project/app/build.gradle.kts:356:23: Expecting an 
element
e: file:///D:/project/app/build.gradle.kts:357:11: Expecting an 
element
e: file:///D:/project/app/build.gradle.kts:357:17: Expecting an 
element
e: file:///D:/project/app/build.gradle.kts:357:21: Expecting an 
element
e: file:///D:/project/app/build.gradle.kts:357:29: Expecting an 
element
e: file:///D:/project/app/build.gradle.kts:358:11: Expecting an 
element
e: file:///D:/project/app/build.gradle.kts:358:20: Expecting an 
element
e: file:///D:/project/app/build.gradle.kts:358:26: Expecting an 
element
e: file:///D:/project/app/build.gradle.kts:359:14: Expecting an 
element
e: file:///D:/project/app/build.gradle.kts:360:14: Expecting an 
element
e: file:///D:/project/app/build.gradle.kts:361:14: Expecting an 
element
e: file:///D:/project/app/build.gradle.kts:361:19: Expecting an 
element
e: file:///D:/project/app/build.gradle.kts:362:14: Expecting an 
element
e: file:///D:/project/app/build.gradle.kts:362:19: Expecting an 
element
e: file:///D:/project/app/build.gradle.kts:362:30: Expecting an 
element
e: file:///D:/project/app/build.gradle.kts:363:15: Expecting an 
element
e: file:///D:/project/app/build.gradle.kts:364:15: Expecting an 
element
e: file:///D:/project/app/build.gradle.kts:365:15: Expecting an 
element
e: file:///D:/project/app/build.gradle.kts:366:17: Expecting an 
element
e: file:///D:/project/app/build.gradle.kts:367:17: Expecting an 
element
e: file:///D:/project/app/build.gradle.kts:367:27: Expecting an 
element
e: file:///D:/project/app/build.gradle.kts:367:33: Expecting an 
element
e: file:///D:/project/app/build.gradle.kts:368:13: Expecting an 
element
e: file:///D:/project/app/build.gradle.kts:368:20: Expecting an 
element
e: file:///D:/project/app/build.gradle.kts:399:2: Expecting an 
element
e: file:///D:/project/app/build.gradle.kts:401:17: Expecting an 
element
e: file:///D:/project/app/build.gradle.kts:401:22: Expecting an 
element
e: file:///D:/project/app/build.gradle.kts:402:17: Expecting an 
element
e: file:///D:/project/app/build.gradle.kts:402:22: Expecting an 
element
e: file:///D:/project/app/build.gradle.kts:403:17: Expecting an 
element
e: file:///D:/project/app/build.gradle.kts:403:22: Expecting an 
element
e: file:///D:/project/app/build.gradle.kts:404:17: Expecting an 
element
e: file:///D:/project/app/build.gradle.kts:404:22: Expecting an 
element
e: file:///D:/project/app/build.gradle.kts:405:17: Expecting an 
element
e: file:///D:/project/app/build.gradle.kts:405:22: Expecting an 
element
e: file:///D:/project/app/build.gradle.kts:406:17: Expecting an 
element
e: file:///D:/project/app/build.gradle.kts:407:17: Expecting an 
element
e: file:///D:/project/app/build.gradle.kts:105:13: Unresolved 
reference: pulse
e: file:///D:/project/app/build.gradle.kts:107:1: Unresolved 
reference: import
e: file:///D:/project/app/build.gradle.kts:108:1: Unresolved 
reference: import
e: file:///D:/project/app/build.gradle.kts:109:1: Unresolved 
reference: import
e: file:///D:/project/app/build.gradle.kts:110:1: Unresolved 
reference: import
e: file:///D:/project/app/build.gradle.kts:112:1: Unresolved 
reference: import
e: file:///D:/project/app/build.gradle.kts:114:2: Unresolved 
reference: Composable
e: file:///D:/project/app/build.gradle.kts:115:5: Anonymous 
functions with names are prohibited
e: file:///D:/project/app/build.gradle.kts:115:34: Unresolved 
reference: Modifier
e: file:///D:/project/app/build.gradle.kts:115:45: An anonymous 
function is not allowed to specify default values for its parameters
e: file:///D:/project/app/build.gradle.kts:115:45: Unresolved 
reference: Modifier
e: file:///D:/project/app/build.gradle.kts:115:80: An anonymous 
function is not allowed to specify default values for its parameters
e: file:///D:/project/app/build.gradle.kts:116:17: Unresolved 
reference: remember
e: file:///D:/project/app/build.gradle.kts:116:28: Unresolved 
reference: mutableStateOf
e: file:///D:/project/app/build.gradle.kts:122:5: Unresolved 
reference: LaunchedEffect
e: file:///D:/project/app/build.gradle.kts:123:9: Unresolved 
reference: delay
e: file:///D:/project/app/build.gradle.kts:125:9: Unresolved 
reference: delay
e: file:///D:/project/app/build.gradle.kts:127:9: Unresolved 
reference: delay
e: file:///D:/project/app/build.gradle.kts:130:5: Unresolved 
reference: Box
e: file:///D:/project/app/build.gradle.kts:135:2: Unresolved 
reference: Composable
e: file:///D:/project/app/build.gradle.kts:137:25: Unresolved 
reference: remember
e: file:///D:/project/app/build.gradle.kts:137:36: Unresolved 
reference: mutableStateOf
e: file:///D:/project/app/build.gradle.kts:138:5: Unresolved 
reference: LaunchedEffect
e: file:///D:/project/app/build.gradle.kts:142:13: Unresolved 
reference: delay
e: file:///D:/project/app/build.gradle.kts:145:5: Unresolved 
reference: Text
e: file:///D:/project/app/build.gradle.kts:146:14: Unresolved 
reference: pulse
e: file:///D:/project/app/build.gradle.kts:148:1: Unresolved 
reference: import
e: file:///D:/project/app/build.gradle.kts:149:1: Unresolved 
reference: import
e: file:///D:/project/app/build.gradle.kts:150:1: Unresolved 
reference: import
e: file:///D:/project/app/build.gradle.kts:151:1: Unresolved 
reference: import
e: file:///D:/project/app/build.gradle.kts:152:1: Unresolved 
reference: import
e: file:///D:/project/app/build.gradle.kts:154:1: Declarations are 
not allowed in this position
e: file:///D:/project/app/build.gradle.kts:154:2: Unresolved 
reference: AndroidEntryPoint
e: file:///D:/project/app/build.gradle.kts:155:29: Unresolved 
reference: FirebaseMessagingService
e: file:///D:/project/app/build.gradle.kts:156:5: 
'onMessageReceived' overrides nothing
e: file:///D:/project/app/build.gradle.kts:156:45: Unresolved 
reference: RemoteMessage
e: file:///D:/project/app/build.gradle.kts:167:5: 'onNewToken' 
overrides nothing
e: file:///D:/project/app/build.gradle.kts:170:14: Unresolved 
reference: pulse
e: file:///D:/project/app/build.gradle.kts:172:1: Unresolved 
reference: import
e: file:///D:/project/app/build.gradle.kts:173:1: Unresolved 
reference: import
e: file:///D:/project/app/build.gradle.kts:174:1: Unresolved 
reference: import
e: file:///D:/project/app/build.gradle.kts:175:1: Unresolved 
reference: import
e: file:///D:/project/app/build.gradle.kts:176:1: Unresolved 
reference: import
e: file:///D:/project/app/build.gradle.kts:177:1: Unresolved 
reference: import
e: file:///D:/project/app/build.gradle.kts:179:1: Unresolved 
reference: import
e: file:///D:/project/app/build.gradle.kts:180:1: Unresolved 
reference: import
e: file:///D:/project/app/build.gradle.kts:182:1: Declarations are 
not allowed in this position
e: file:///D:/project/app/build.gradle.kts:182:2: Unresolved 
reference: Singleton
e: file:///D:/project/app/build.gradle.kts:184:25: Unresolved 
reference: OkHttpClient
e: file:///D:/project/app/build.gradle.kts:184:40: Unresolved 
reference: OkHttpClient
e: file:///D:/project/app/build.gradle.kts:185:21: Unresolved 
reference: WebSocket
e: file:///D:/project/app/build.gradle.kts:186:27: Unresolved 
reference: MutableLiveData
e: file:///D:/project/app/build.gradle.kts:186:47: Unresolved 
reference: pulse
e: file:///D:/project/app/build.gradle.kts:187:17: Unresolved 
reference: LiveData
e: file:///D:/project/app/build.gradle.kts:187:30: Unresolved 
reference: pulse
e: file:///D:/project/app/build.gradle.kts:189:29: Unresolved 
reference: withContext
e: file:///D:/project/app/build.gradle.kts:189:41: Unresolved 
reference: Dispatchers
e: file:///D:/project/app/build.gradle.kts:192:19: Unresolved 
reference: HttpUrl
e: file:///D:/project/app/build.gradle.kts:198:19: Unresolved 
reference: Request
e: file:///D:/project/app/build.gradle.kts:199:48: Unresolved 
reference: WebSocketListener
e: file:///D:/project/app/build.gradle.kts:200:13: 'onOpen' 
overrides nothing
e: file:///D:/project/app/build.gradle.kts:200:44: Unresolved 
reference: WebSocket
e: file:///D:/project/app/build.gradle.kts:200:65: Unresolved 
reference: Response
e: file:///D:/project/app/build.gradle.kts:200:77: Unresolved 
reference: Log
e: file:///D:/project/app/build.gradle.kts:201:13: 'onMessage' 
overrides nothing
e: file:///D:/project/app/build.gradle.kts:201:47: Unresolved 
reference: WebSocket
e: file:///D:/project/app/build.gradle.kts:203:59: Unresolved 
reference: Json
e: file:///D:/project/app/build.gradle.kts:209:47: Unresolved 
reference: pulse
e: file:///D:/project/app/build.gradle.kts:213:13: 'onClosed' 
overrides nothing
e: file:///D:/project/app/build.gradle.kts:213:46: Unresolved 
reference: WebSocket
e: file:///D:/project/app/build.gradle.kts:214:13: 'onFailure' 
overrides nothing
e: file:///D:/project/app/build.gradle.kts:214:47: Unresolved 
reference: WebSocket
e: file:///D:/project/app/build.gradle.kts:214:82: Unresolved 
reference: Response
w: file:///D:/project/app/build.gradle.kts:293:13: Unreachable code
w: file:///D:/project/app/build.gradle.kts:293:17: Variable 'token' is never used
w: file:///D:/project/app/build.gradle.kts:294:13: Unreachable code
w: file:///D:/project/app/build.gradle.kts:295:17: Unreachable code
w: file:///D:/project/app/build.gradle.kts:296:17: Unreachable code
w: file:///D:/project/app/build.gradle.kts:308:13: Unreachable code
w: file:///D:/project/app/build.gradle.kts:308:17: Variable 'coupleId' is never used
w: file:///D:/project/app/build.gradle.kts:309:13: Unreachable code
w: file:///D:/project/app/build.gradle.kts:310:13: Unreachable code
e: file:///D:/project/app/build.gradle.kts:222:14: Unresolved 
reference: pulse
e: file:///D:/project/app/build.gradle.kts:224:1: Unresolved 
reference: import
e: file:///D:/project/app/build.gradle.kts:225:1: Unresolved 
reference: import
e: file:///D:/project/app/build.gradle.kts:226:1: Unresolved 
reference: import
e: file:///D:/project/app/build.gradle.kts:227:1: Unresolved 
reference: import
e: file:///D:/project/app/build.gradle.kts:228:1: Unresolved 
reference: import
e: file:///D:/project/app/build.gradle.kts:229:1: Unresolved 
reference: import
e: file:///D:/project/app/build.gradle.kts:230:1: Unresolved 
reference: import
e: file:///D:/project/app/build.gradle.kts:231:1: Unresolved 
reference: import
e: file:///D:/project/app/build.gradle.kts:232:1: Unresolved 
reference: import
e: file:///D:/project/app/build.gradle.kts:234:1: Declarations are 
not allowed in this position
e: file:///D:/project/app/build.gradle.kts:234:2: Unresolved 
reference: HiltViewModel
e: file:///D:/project/app/build.gradle.kts:235:86: Unresolved 
reference: PulseWebSocket
e: file:///D:/project/app/build.gradle.kts:235:103: Unresolved 
reference: ViewModel
e: file:///D:/project/app/build.gradle.kts:236:27: Unresolved 
reference: MutableSharedFlow
e: file:///D:/project/app/build.gradle.kts:252:36: Cannot infer a 
type for this parameter. Please specify it explicitly.
e: file:///D:/project/app/build.gradle.kts:253:13: Unresolved 
reference: viewModelScope
e: file:///D:/project/app/build.gradle.kts:260:14: Unresolved 
reference: pulse
e: file:///D:/project/app/build.gradle.kts:262:1: Unresolved 
reference: import
e: file:///D:/project/app/build.gradle.kts:263:1: Unresolved 
reference: import
e: file:///D:/project/app/build.gradle.kts:264:1: Unresolved 
reference: import
e: file:///D:/project/app/build.gradle.kts:265:1: Unresolved 
reference: import
e: file:///D:/project/app/build.gradle.kts:266:1: Unresolved 
reference: import
e: file:///D:/project/app/build.gradle.kts:267:1: Unresolved 
reference: import
e: file:///D:/project/app/build.gradle.kts:268:1: Unresolved 
reference: import
e: file:///D:/project/app/build.gradle.kts:269:1: Unresolved 
reference: import
e: file:///D:/project/app/build.gradle.kts:270:1: Unresolved 
reference: import
e: file:///D:/project/app/build.gradle.kts:272:1: Declarations are 
not allowed in this position
e: file:///D:/project/app/build.gradle.kts:272:2: Unresolved 
reference: AndroidEntryPoint
e: file:///D:/project/app/build.gradle.kts:273:22: Unresolved 
reference: ComponentActivity
e: file:///D:/project/app/build.gradle.kts:274:25: Unresolved 
reference: PairViewModel
e: file:///D:/project/app/build.gradle.kts:274:42: Unresolved 
reference: viewModels
e: file:///D:/project/app/build.gradle.kts:276:5: 'onCreate' 
overrides nothing
e: file:///D:/project/app/build.gradle.kts:276:47: Unresolved 
reference: Bundle
e: file:///D:/project/app/build.gradle.kts:277:15: Unresolved 
reference: onCreate
e: file:///D:/project/app/build.gradle.kts:279:9: Unresolved 
reference: intent
e: file:///D:/project/app/build.gradle.kts:279:44: Unresolved 
reference: it
e: file:///D:/project/app/build.gradle.kts:282:5: 'onNewIntent' 
overrides nothing
e: file:///D:/project/app/build.gradle.kts:282:46: Unresolved 
reference: content
e: file:///D:/project/app/build.gradle.kts:283:15: Unresolved 
reference: onNewIntent
e: file:///D:/project/app/build.gradle.kts:284:44: Unresolved 
reference: it
e: file:///D:/project/app/build.gradle.kts:287:37: Unresolved 
reference: Uri
e: file:///D:/project/app/build.gradle.kts:294:13: Unresolved 
reference: lifecycleScope
e: file:///D:/project/app/build.gradle.kts:298:35: Unresolved 
reference: supportFragmentManager
e: file:///D:/project/app/build.gradle.kts:298:75: Unresolved 
reference: R
e: file:///D:/project/app/build.gradle.kts:298:102: Unresolved 
reference: NavHostFragment
e: file:///D:/project/app/build.gradle.kts:300:44: Unresolved 
reference: R
e: file:///D:/project/app/build.gradle.kts:301:25: Unresolved 
reference: popUpTo
e: file:///D:/project/app/build.gradle.kts:301:33: Unresolved 
reference: R
e: file:///D:/project/app/build.gradle.kts:301:55: Unresolved 
reference: inclusive
e: file:///D:/project/app/build.gradle.kts:309:27: Unresolved 
reference: supportFragmentManager
e: file:///D:/project/app/build.gradle.kts:309:67: Unresolved 
reference: R
e: file:///D:/project/app/build.gradle.kts:309:94: Unresolved 
reference: NavHostFragment
e: file:///D:/project/app/build.gradle.kts:310:44: Unresolved 
reference: R
e: file:///D:/project/app/build.gradle.kts:311:17: Unresolved 
reference: popUpTo
e: file:///D:/project/app/build.gradle.kts:311:25: Unresolved 
reference: R
e: file:///D:/project/app/build.gradle.kts:311:47: Unresolved 
reference: inclusive
e: file:///D:/project/app/build.gradle.kts:312:17: Unresolved 
reference: launchSingleTop
e: file:///D:/project/app/build.gradle.kts:316:14: Unresolved 
reference: pulse
e: file:///D:/project/app/build.gradle.kts:318:1: Unresolved 
reference: import
e: file:///D:/project/app/build.gradle.kts:319:1: Unresolved 
reference: import
e: file:///D:/project/app/build.gradle.kts:320:1: Unresolved 
reference: import
e: file:///D:/project/app/build.gradle.kts:321:1: Unresolved 
reference: import
e: file:///D:/project/app/build.gradle.kts:322:1: Unresolved 
reference: import
e: file:///D:/project/app/build.gradle.kts:323:1: Unresolved 
reference: import
e: file:///D:/project/app/build.gradle.kts:324:1: Unresolved 
reference: import
e: file:///D:/project/app/build.gradle.kts:325:1: Unresolved 
reference: import
e: file:///D:/project/app/build.gradle.kts:326:1: Unresolved 
reference: import
e: file:///D:/project/app/build.gradle.kts:327:1: Unresolved 
reference: import
e: file:///D:/project/app/build.gradle.kts:329:1: Declarations are 
not allowed in this position
e: file:///D:/project/app/build.gradle.kts:329:2: Unresolved 
reference: HiltViewModel
e: file:///D:/project/app/build.gradle.kts:330:73: Unresolved 
reference: ViewModel
e: file:///D:/project/app/build.gradle.kts:331:31: Unresolved 
reference: MutableStateFlow
e: file:///D:/project/app/build.gradle.kts:332:21: Unresolved 
reference: StateFlow
e: file:///D:/project/app/build.gradle.kts:335:9: Unresolved 
reference: viewModelScope
e: file:///D:/project/app/build.gradle.kts:336:27: Suspend function 
'createInvite' should be called only from a coroutine or another 
suspend function
e: file:///D:/project/app/build.gradle.kts:338:29: Variable expected
e: file:///D:/project/app/build.gradle.kts:340:29: Variable expected
e: file:///D:/project/app/build.gradle.kts:345:30: Unresolved 
reference: Context
e: file:///D:/project/app/build.gradle.kts:346:22: Unresolved 
reference: Intent
e: file:///D:/project/app/build.gradle.kts:346:29: Unresolved 
reference: Intent
e: file:///D:/project/app/build.gradle.kts:347:13: Function 
invocation 'type(...)' expected
e: file:///D:/project/app/build.gradle.kts:347:13: Unresolved 
reference. None of the following candidates is applicable because 
of receiver type mismatch: 
public inline fun ObjectConfigurationAction.type(pluginClass: 
KClass<*>): ObjectConfigurationAction defined in 
org.gradle.kotlin.dsl
e: file:///D:/project/app/build.gradle.kts:348:13: Unresolved 
reference: putExtra
e: file:///D:/project/app/build.gradle.kts:348:22: Unresolved 
reference: Intent
e: file:///D:/project/app/build.gradle.kts:350:23: Unresolved 
reference: Intent
e: file:///D:/project/app/build.gradle.kts:351:26: Unresolved 
reference: Intent
e: file:///D:/project/app/build.gradle.kts:354:14: Unresolved 
reference: pulse
e: file:///D:/project/app/build.gradle.kts:356:1: Unresolved 
reference: import
e: file:///D:/project/app/build.gradle.kts:357:1: Unresolved 
reference: import
e: file:///D:/project/app/build.gradle.kts:358:1: Unresolved 
reference: import
e: file:///D:/project/app/build.gradle.kts:359:1: Unresolved 
reference: import
e: file:///D:/project/app/build.gradle.kts:360:1: Unresolved 
reference: import
e: file:///D:/project/app/build.gradle.kts:361:1: Unresolved 
reference: import
e: file:///D:/project/app/build.gradle.kts:362:1: Unresolved 
reference: import
e: file:///D:/project/app/build.gradle.kts:363:1: Unresolved 
reference: import
e: file:///D:/project/app/build.gradle.kts:364:1: Unresolved 
reference: import
e: file:///D:/project/app/build.gradle.kts:365:1: Unresolved 
reference: import
e: file:///D:/project/app/build.gradle.kts:366:1: Unresolved 
reference: import
e: file:///D:/project/app/build.gradle.kts:367:1: Unresolved 
reference: import
e: file:///D:/project/app/build.gradle.kts:368:1: Unresolved 
reference: import
e: file:///D:/project/app/build.gradle.kts:372:1: Declarations are 
not allowed in this position
e: file:///D:/project/app/build.gradle.kts:399:14: Unresolved 
reference: pulse
e: file:///D:/project/app/build.gradle.kts:401:1: Unresolved 
reference: import
e: file:///D:/project/app/build.gradle.kts:402:1: Unresolved 
reference: import
e: file:///D:/project/app/build.gradle.kts:403:1: Unresolved 
reference: import
e: file:///D:/project/app/build.gradle.kts:404:1: Unresolved 
reference: import
e: file:///D:/project/app/build.gradle.kts:405:1: Unresolved 
reference: import
e: file:///D:/project/app/build.gradle.kts:406:1: Unresolved 
reference: import
e: file:///D:/project/app/build.gradle.kts:407:1: Unresolved 
reference: import
e: file:///D:/project/app/build.gradle.kts:409:1: Unresolved 
reference: data
e: file:///D:/project/app/build.gradle.kts:413:6: Unresolved 
reference: POST
e: file:///D:/project/app/build.gradle.kts:414:33: Unresolved 
reference: Response
e: file:///D:/project/app/build.gradle.kts:416:6: Unresolved 
reference: POST
e: file:///D:/project/app/build.gradle.kts:417:46: Cannot find a 
parameter with this name: encoded
e: file:///D:/project/app/build.gradle.kts:417:78: Unresolved 
reference: Response

FAILURE: Build failed with an exception.

* Where:
Build file 'D:\project\app\build.gradle.kts' line: 105

* What went wrong:
Script compilation errors:

  Line 105: package com.pulse.app.ui.pair
            ^ Expecting an element

  Line 105: package com.pulse.app.ui.pair
                        ^ Unresolved reference: pulse

  Line 107: import 
androidx.compose.animation.core.animateFloatAsState
                           ^ Expecting an element

  Line 107: import 
androidx.compose.animation.core.animateFloatAsState
                                   ^ Expecting an element

  Line 107: import 
androidx.compose.animation.core.animateFloatAsState
                                             ^ Expecting an element

  Line 107: import 
androidx.compose.animation.core.animateFloatAsState
                                                  ^ Expecting an 
element

  Line 107: import 
androidx.compose.animation.core.animateFloatAsState
            ^ Unresolved reference: import

  Line 108: import androidx.compose.foundation.layout.Box
                           ^ Expecting an element

  Line 108: import androidx.compose.foundation.layout.Box
                                   ^ Expecting an element

  Line 108: import androidx.compose.foundation.layout.Box
                                              ^ Expecting an element

  Line 108: import androidx.compose.foundation.layout.Box
                                                     ^ Expecting an 
element

  Line 108: import androidx.compose.foundation.layout.Box
            ^ Unresolved reference: import

  Line 109: import androidx.compose.material.Text
                           ^ Expecting an element

  Line 109: import androidx.compose.material.Text
                                   ^ Expecting an element

  Line 109: import androidx.compose.material.Text
                                            ^ Expecting an element

  Line 109: import androidx.compose.material.Text
            ^ Unresolved reference: import

  Line 110: import androidx.compose.runtime.*
                           ^ Expecting an element

  Line 110: import androidx.compose.runtime.*
                                   ^ Expecting an element

  Line 110: import androidx.compose.runtime.*
                                           ^ Expecting an element

  Line 110: import androidx.compose.runtime.*
            ^ Unresolved reference: import

  Line 111: import androidx.compose.ui.Modifier
                           ^ Expecting an element

  Line 111: import androidx.compose.ui.Modifier
                                   ^ Expecting an element

  Line 111: import androidx.compose.ui.Modifier
                                      ^ Expecting an element

  Line 112: import kotlinx.coroutines.delay
                          ^ Expecting an element

  Line 112: import kotlinx.coroutines.delay
                                     ^ Expecting an element

  Line 112: import kotlinx.coroutines.delay
            ^ Unresolved reference: import

  Line 114: @Composable
             ^ Unresolved reference: Composable

  Line 115: fun ConnectingSequence(modifier: Modifier = Modifier, 
onComplete: () -> Unit = {}) {
                ^ Anonymous functions with names are prohibited

  Line 115: fun ConnectingSequence(modifier: Modifier = Modifier, 
onComplete: () -> Unit = {}) {
                                             ^ Unresolved 
reference: Modifier

  Line 115: fun ConnectingSequence(modifier: Modifier = Modifier, 
onComplete: () -> Unit = {}) {
                                                        ^ An 
anonymous function is not allowed to specify default values for its 
parameters

  Line 115: fun ConnectingSequence(modifier: Modifier = Modifier, 
onComplete: () -> Unit = {}) {
                                                        ^ 
Unresolved reference: Modifier

  Line 115: fun ConnectingSequence(modifier: Modifier = Modifier, 
onComplete: () -> Unit = {}) {
                                                                    
                       ^ An anonymous function is not allowed to 
specify default values for its parameters

  Line 116:     var step by remember { mutableStateOf(0) }
                            ^ Unresolved reference: remember

  Line 116:     var step by remember { mutableStateOf(0) }
                                       ^ Unresolved reference: 
mutableStateOf

  Line 122:     LaunchedEffect(Unit) {
                ^ Unresolved reference: LaunchedEffect

  Line 123:         delay(800)
                    ^ Unresolved reference: delay

  Line 125:         delay(900)
                    ^ Unresolved reference: delay

  Line 127:         delay(700)
                    ^ Unresolved reference: delay

  Line 130:     Box(modifier = modifier) {
                ^ Unresolved reference: Box

  Line 135: @Composable
             ^ Unresolved reference: Composable

  Line 137:     var visibleChars by remember { mutableStateOf(0) }
                                    ^ Unresolved reference: remember

  Line 137:     var visibleChars by remember { mutableStateOf(0) }
                                               ^ Unresolved 
reference: mutableStateOf

  Line 138:     LaunchedEffect(text) {
                ^ Unresolved reference: LaunchedEffect

  Line 142:             delay(30)
                        ^ Unresolved reference: delay

  Line 145:     Text(text = text.take(visibleChars))
                ^ Unresolved reference: Text

  Line 146: }package com.pulse.app.fcm
             ^ Expecting an element

  Line 146: }package com.pulse.app.fcm
                         ^ Unresolved reference: pulse

  Line 148: import android.content.Intent
                          ^ Expecting an element

  Line 148: import android.content.Intent
                                  ^ Expecting an element

  Line 148: import android.content.Intent
            ^ Unresolved reference: import

  Line 149: import androidx.core.app.NotificationCompat
                           ^ Expecting an element

  Line 149: import androidx.core.app.NotificationCompat
                                ^ Expecting an element

  Line 149: import androidx.core.app.NotificationCompat
                                    ^ Expecting an element

  Line 149: import androidx.core.app.NotificationCompat
            ^ Unresolved reference: import

  Line 150: import 
com.google.firebase.messaging.FirebaseMessagingService
                      ^ Expecting an element

  Line 150: import 
com.google.firebase.messaging.FirebaseMessagingService
                             ^ Expecting an element

  Line 150: import 
com.google.firebase.messaging.FirebaseMessagingService
                                      ^ Expecting an element

  Line 150: import 
com.google.firebase.messaging.FirebaseMessagingService
                                                ^ Expecting an 
element

  Line 150: import 
com.google.firebase.messaging.FirebaseMessagingService
            ^ Unresolved reference: import

  Line 151: import com.google.firebase.messaging.RemoteMessage
                      ^ Expecting an element

  Line 151: import com.google.firebase.messaging.RemoteMessage
                             ^ Expecting an element

  Line 151: import com.google.firebase.messaging.RemoteMessage
                                      ^ Expecting an element

  Line 151: import com.google.firebase.messaging.RemoteMessage
                                                ^ Expecting an 
element

  Line 151: import com.google.firebase.messaging.RemoteMessage
            ^ Unresolved reference: import

  Line 152: import dagger.hilt.android.AndroidEntryPoint
                         ^ Expecting an element

  Line 152: import dagger.hilt.android.AndroidEntryPoint
                              ^ Expecting an element

  Line 152: import dagger.hilt.android.AndroidEntryPoint
                                      ^ Expecting an element

  Line 152: import dagger.hilt.android.AndroidEntryPoint
            ^ Unresolved reference: import

  Line 154: @AndroidEntryPoint
            ^ Declarations are not allowed in this position

  Line 154: @AndroidEntryPoint
             ^ Unresolved reference: AndroidEntryPoint

  Line 155: class PulseFirebaseService: FirebaseMessagingService() {
                                        ^ Unresolved reference: 
FirebaseMessagingService

  Line 156:     override fun onMessageReceived(message: 
RemoteMessage) {
                ^ 'onMessageReceived' overrides nothing

  Line 156:     override fun onMessageReceived(message: 
RemoteMessage) {
                                                        ^ 
Unresolved reference: RemoteMessage

  Line 160:             val deepLink = data["deep_link"]
                            ^ Variable 'deepLink' is never used

  Line 161:             val partnerName = data["partner_name"] ?: 
"Partner"
                            ^ Variable 'partnerName' is never used

  Line 167:     override fun onNewToken(token: String) {
                ^ 'onNewToken' overrides nothing

  Line 170: }package com.pulse.app.websocket
             ^ Expecting an element

  Line 170: }package com.pulse.app.websocket
                         ^ Unresolved reference: pulse

  Line 172: import android.util.Log
                          ^ Expecting an element

  Line 172: import android.util.Log
                               ^ Expecting an element

  Line 172: import android.util.Log
            ^ Unresolved reference: import

  Line 173: import androidx.lifecycle.LiveData
                           ^ Expecting an element

  Line 173: import androidx.lifecycle.LiveData
                                     ^ Expecting an element

  Line 173: import androidx.lifecycle.LiveData
            ^ Unresolved reference: import

  Line 174: import androidx.lifecycle.MutableLiveData
                           ^ Expecting an element

  Line 174: import androidx.lifecycle.MutableLiveData
                                     ^ Expecting an element

  Line 174: import androidx.lifecycle.MutableLiveData
            ^ Unresolved reference: import

  Line 175: import kotlinx.coroutines.Dispatchers
                          ^ Expecting an element

  Line 175: import kotlinx.coroutines.Dispatchers
                                     ^ Expecting an element

  Line 175: import kotlinx.coroutines.Dispatchers
            ^ Unresolved reference: import

  Line 176: import kotlinx.coroutines.withContext
                          ^ Expecting an element

  Line 176: import kotlinx.coroutines.withContext
                                     ^ Expecting an element

  Line 176: import kotlinx.coroutines.withContext
            ^ Unresolved reference: import

  Line 177: import okhttp3.*
                          ^ Expecting an element

  Line 177: import okhttp3.*
            ^ Unresolved reference: import

  Line 178: import okio.ByteString
                       ^ Expecting an element

  Line 179: import javax.inject.Inject
                        ^ Expecting an element

  Line 179: import javax.inject.Inject
                               ^ Expecting an element

  Line 179: import javax.inject.Inject
            ^ Unresolved reference: import

  Line 180: import javax.inject.Singleton
                        ^ Expecting an element

  Line 180: import javax.inject.Singleton
                               ^ Expecting an element

  Line 180: import javax.inject.Singleton
            ^ Unresolved reference: import

  Line 182: @Singleton
            ^ Declarations are not allowed in this position

  Line 182: @Singleton
             ^ Unresolved reference: Singleton

  Line 184:     private var client: OkHttpClient = 
OkHttpClient.Builder().build()
                                    ^ Unresolved reference: 
OkHttpClient

  Line 184:     private var client: OkHttpClient = 
OkHttpClient.Builder().build()
                                                   ^ Unresolved 
reference: OkHttpClient

  Line 185:     private var ws: WebSocket? = null
                                ^ Unresolved reference: WebSocket

  Line 186:     private val _events = 
MutableLiveData<com.pulse.app.ui.pair.PairEvent>()
                                      ^ Unresolved reference: 
MutableLiveData

  Line 186:     private val _events = 
MutableLiveData<com.pulse.app.ui.pair.PairEvent>()
                                                          ^ 
Unresolved reference: pulse

  Line 187:     val events: 
LiveData<com.pulse.app.ui.pair.PairEvent> = _events
                            ^ Unresolved reference: LiveData

  Line 187:     val events: 
LiveData<com.pulse.app.ui.pair.PairEvent> = _events
                                         ^ Unresolved reference: 
pulse

  Line 189:     suspend fun connect() = withContext(Dispatchers.IO) 
{
                                        ^ Unresolved reference: 
withContext

  Line 189:     suspend fun connect() = withContext(Dispatchers.IO) 
{
                                                    ^ Unresolved 
reference: Dispatchers

  Line 192:         val url = HttpUrl.Builder()
                              ^ Unresolved reference: HttpUrl

  Line 198:         val req = Request.Builder().url(url).build()
                              ^ Unresolved reference: Request

  Line 199:         ws = client.newWebSocket(req, object : 
WebSocketListener() {
                                                           ^ 
Unresolved reference: WebSocketListener

  Line 200:             override fun onOpen(webSocket: WebSocket, 
response: Response) { Log.i("PulseWS","open") }
                        ^ 'onOpen' overrides nothing

  Line 200:             override fun onOpen(webSocket: WebSocket, 
response: Response) { Log.i("PulseWS","open") }
                                                       ^ Unresolved 
reference: WebSocket

  Line 200:             override fun onOpen(webSocket: WebSocket, 
response: Response) { Log.i("PulseWS","open") }
                                                                    
        ^ Unresolved reference: Response

  Line 200:             override fun onOpen(webSocket: WebSocket, 
response: Response) { Log.i("PulseWS","open") }
                                                                    
                    ^ Unresolved reference: Log

  Line 201:             override fun onMessage(webSocket: 
WebSocket, text: String) {
                        ^ 'onMessage' overrides nothing

  Line 201:             override fun onMessage(webSocket: 
WebSocket, text: String) {
                                                          ^ 
Unresolved reference: WebSocket

  Line 203:                     val json = 
kotlinx.serialization.json.Json.parseToJsonElement(text).jsonObject
                                                                    
  ^ Unresolved reference: Json

  Line 209:                         _events.postValue(com.pulse.app.
ui.pair.PairEvent.PartnerConnected(id, name))
                                                          ^ 
Unresolved reference: pulse

  Line 213:             override fun onClosed(webSocket: WebSocket, 
code: Int, reason: String) { ws = null }
                        ^ 'onClosed' overrides nothing

  Line 213:             override fun onClosed(webSocket: WebSocket, 
code: Int, reason: String) { ws = null }
                                                         ^ 
Unresolved reference: WebSocket

  Line 214:             override fun onFailure(webSocket: 
WebSocket, t: Throwable, response: Response?) { ws = null }
                        ^ 'onFailure' overrides nothing

  Line 214:             override fun onFailure(webSocket: 
WebSocket, t: Throwable, response: Response?) { ws = null }
                                                          ^ 
Unresolved reference: WebSocket

  Line 214:             override fun onFailure(webSocket: 
WebSocket, t: Throwable, response: Response?) { ws = null }
                                                                    
                         ^ Unresolved reference: Response

  Line 222: }package com.pulse.app.ui.pair
             ^ Expecting an element

  Line 222: }package com.pulse.app.ui.pair
                         ^ Unresolved reference: pulse

  Line 224: import androidx.lifecycle.ViewModel
                           ^ Expecting an element

  Line 224: import androidx.lifecycle.ViewModel
                                     ^ Expecting an element

  Line 224: import androidx.lifecycle.ViewModel
            ^ Unresolved reference: import

  Line 225: import androidx.lifecycle.viewModelScope
                           ^ Expecting an element

  Line 225: import androidx.lifecycle.viewModelScope
                                     ^ Expecting an element

  Line 225: import androidx.lifecycle.viewModelScope
            ^ Unresolved reference: import

  Line 226: import com.pulse.app.network.ApiService
                      ^ Expecting an element

  Line 226: import com.pulse.app.network.ApiService
                            ^ Expecting an element

  Line 226: import com.pulse.app.network.ApiService
                                ^ Expecting an element

  Line 226: import com.pulse.app.network.ApiService
                                        ^ Expecting an element

  Line 226: import com.pulse.app.network.ApiService
            ^ Unresolved reference: import

  Line 227: import com.pulse.app.websocket.PulseWebSocket
                      ^ Expecting an element

  Line 227: import com.pulse.app.websocket.PulseWebSocket
                            ^ Expecting an element

  Line 227: import com.pulse.app.websocket.PulseWebSocket
                                ^ Expecting an element

  Line 227: import com.pulse.app.websocket.PulseWebSocket
                                          ^ Expecting an element

  Line 227: import com.pulse.app.websocket.PulseWebSocket
            ^ Unresolved reference: import

  Line 228: import dagger.hilt.android.lifecycle.HiltViewModel
                         ^ Expecting an element

  Line 228: import dagger.hilt.android.lifecycle.HiltViewModel
                              ^ Expecting an element

  Line 228: import dagger.hilt.android.lifecycle.HiltViewModel
                                      ^ Expecting an element

  Line 228: import dagger.hilt.android.lifecycle.HiltViewModel
                                                ^ Expecting an 
element

  Line 228: import dagger.hilt.android.lifecycle.HiltViewModel
            ^ Unresolved reference: import

  Line 229: import kotlinx.coroutines.flow.MutableSharedFlow
                          ^ Expecting an element

  Line 229: import kotlinx.coroutines.flow.MutableSharedFlow
                                     ^ Expecting an element

  Line 229: import kotlinx.coroutines.flow.MutableSharedFlow
                                          ^ Expecting an element

  Line 229: import kotlinx.coroutines.flow.MutableSharedFlow
            ^ Unresolved reference: import

  Line 230: import kotlinx.coroutines.flow.asSharedFlow
                          ^ Expecting an element

  Line 230: import kotlinx.coroutines.flow.asSharedFlow
                                     ^ Expecting an element

  Line 230: import kotlinx.coroutines.flow.asSharedFlow
                                          ^ Expecting an element

  Line 230: import kotlinx.coroutines.flow.asSharedFlow
            ^ Unresolved reference: import

  Line 231: import kotlinx.coroutines.launch
                          ^ Expecting an element

  Line 231: import kotlinx.coroutines.launch
                                     ^ Expecting an element

  Line 231: import kotlinx.coroutines.launch
            ^ Unresolved reference: import

  Line 232: import javax.inject.Inject
                        ^ Expecting an element

  Line 232: import javax.inject.Inject
                               ^ Expecting an element

  Line 232: import javax.inject.Inject
            ^ Unresolved reference: import

  Line 234: @HiltViewModel
            ^ Declarations are not allowed in this position

  Line 234: @HiltViewModel
             ^ Unresolved reference: HiltViewModel

  Line 235: class PairViewModel @Inject constructor(private val 
api: ApiService, private val ws: PulseWebSocket): ViewModel() {
                                                                    
                             ^ Unresolved reference: PulseWebSocket

  Line 235: class PairViewModel @Inject constructor(private val 
api: ApiService, private val ws: PulseWebSocket): ViewModel() {
                                                                    
                                              ^ Unresolved 
reference: ViewModel

  Line 236:     private val _events = 
MutableSharedFlow<PairEvent>(replay = 1)
                                      ^ Unresolved reference: 
MutableSharedFlow

  Line 252:         ws.events.observeForever { evt ->
                                               ^ Cannot infer a 
type for this parameter. Please specify it explicitly.

  Line 253:             viewModelScope.launch { _events.emit(evt) }
                        ^ Unresolved reference: viewModelScope

  Line 260: }package com.pulse.app
             ^ Expecting an element

  Line 260: }package com.pulse.app
                         ^ Unresolved reference: pulse

  Line 262: import android.net.Uri
                          ^ Expecting an element

  Line 262: import android.net.Uri
                              ^ Expecting an element

  Line 262: import android.net.Uri
            ^ Unresolved reference: import

  Line 263: import android.os.Bundle
                          ^ Expecting an element

  Line 263: import android.os.Bundle
                             ^ Expecting an element

  Line 263: import android.os.Bundle
            ^ Unresolved reference: import

  Line 264: import androidx.activity.ComponentActivity
                           ^ Expecting an element

  Line 264: import androidx.activity.ComponentActivity
                                    ^ Expecting an element

  Line 264: import androidx.activity.ComponentActivity
            ^ Unresolved reference: import

  Line 265: import androidx.activity.viewModels
                           ^ Expecting an element

  Line 265: import androidx.activity.viewModels
                                    ^ Expecting an element

  Line 265: import androidx.activity.viewModels
            ^ Unresolved reference: import

  Line 266: import androidx.lifecycle.lifecycleScope
                           ^ Expecting an element

  Line 266: import androidx.lifecycle.lifecycleScope
                                     ^ Expecting an element

  Line 266: import androidx.lifecycle.lifecycleScope
            ^ Unresolved reference: import

  Line 267: import androidx.navigation.fragment.NavHostFragment
                           ^ Expecting an element

  Line 267: import androidx.navigation.fragment.NavHostFragment
                                      ^ Expecting an element

  Line 267: import androidx.navigation.fragment.NavHostFragment
                                               ^ Expecting an 
element

  Line 267: import androidx.navigation.fragment.NavHostFragment
            ^ Unresolved reference: import

  Line 268: import com.pulse.app.ui.pair.PairViewModel
                      ^ Expecting an element

  Line 268: import com.pulse.app.ui.pair.PairViewModel
                            ^ Expecting an element

  Line 268: import com.pulse.app.ui.pair.PairViewModel
                                ^ Expecting an element

  Line 268: import com.pulse.app.ui.pair.PairViewModel
                                   ^ Expecting an element

  Line 268: import com.pulse.app.ui.pair.PairViewModel
                                        ^ Expecting an element

  Line 268: import com.pulse.app.ui.pair.PairViewModel
            ^ Unresolved reference: import

  Line 269: import dagger.hilt.android.AndroidEntryPoint
                         ^ Expecting an element

  Line 269: import dagger.hilt.android.AndroidEntryPoint
                              ^ Expecting an element

  Line 269: import dagger.hilt.android.AndroidEntryPoint
                                      ^ Expecting an element

  Line 269: import dagger.hilt.android.AndroidEntryPoint
            ^ Unresolved reference: import

  Line 270: import kotlinx.coroutines.launch
                          ^ Expecting an element

  Line 270: import kotlinx.coroutines.launch
                                     ^ Expecting an element

  Line 270: import kotlinx.coroutines.launch
            ^ Unresolved reference: import

  Line 272: @AndroidEntryPoint
            ^ Declarations are not allowed in this position

  Line 272: @AndroidEntryPoint
             ^ Unresolved reference: AndroidEntryPoint

  Line 273: class MainActivity : ComponentActivity() {
                                 ^ Unresolved reference: 
ComponentActivity

  Line 274:     private val pairVm: PairViewModel by viewModels()
                                    ^ Unresolved reference: 
PairViewModel

  Line 274:     private val pairVm: PairViewModel by viewModels()
                                                     ^ Unresolved 
reference: viewModels

  Line 276:     override fun onCreate(savedInstanceState: Bundle?) {
                ^ 'onCreate' overrides nothing

  Line 276:     override fun onCreate(savedInstanceState: Bundle?) {
                                                          ^ 
Unresolved reference: Bundle

  Line 277:         super.onCreate(savedInstanceState)
                          ^ Unresolved reference: onCreate

  Line 279:         intent?.data?.let { handleDeepLink(it) }
                    ^ Unresolved reference: intent

  Line 279:         intent?.data?.let { handleDeepLink(it) }
                                                       ^ Unresolved 
reference: it

  Line 282:     override fun onNewIntent(intent: 
android.content.Intent?) {
                ^ 'onNewIntent' overrides nothing

  Line 282:     override fun onNewIntent(intent: 
android.content.Intent?) {
                                                         ^ 
Unresolved reference: content

  Line 283:         super.onNewIntent(intent)
                          ^ Unresolved reference: onNewIntent

  Line 284:         intent?.data?.let { handleDeepLink(it) }
                                                       ^ Unresolved 
reference: it

  Line 287:     private fun handleDeepLink(uri: Uri) {
                                                ^ Unresolved 
reference: Uri

  Line 293:             val token = pathSegments.getOrNull(1) ?: 
return
                        ^ Unreachable code

  Line 293:             val token = pathSegments.getOrNull(1) ?: 
return
                            ^ Variable 'token' is never used

  Line 294:             lifecycleScope.launch {
                        ^ Unresolved reference: lifecycleScope

  Line 294:             lifecycleScope.launch {
                        ^ Unreachable code

  Line 295:                 val joined = pairVm.joinViaInvite(token)
                            ^ Unreachable code

  Line 296:                 if (joined) {
                            ^ Unreachable code

  Line 298:                     val navHost = 
supportFragmentManager.findFragmentById(R.id.nav_host_fragment) as 
NavHostFragment
                                              ^ Unresolved 
reference: supportFragmentManager

  Line 298:                     val navHost = 
supportFragmentManager.findFragmentById(R.id.nav_host_fragment) as 
NavHostFragment
                                                                    
                  ^ Unresolved reference: R

  Line 298:                     val navHost = 
supportFragmentManager.findFragmentById(R.id.nav_host_fragment) as 
NavHostFragment
                                                                    
                                             ^ Unresolved 
reference: NavHostFragment

  Line 300:                     
navController.navigate(R.id.action_global_signalFragment) {
                                                       ^ Unresolved 
reference: R

  Line 301:                         popUpTo(R.id.loginFragment) { 
inclusive = true }
                                    ^ Unresolved reference: popUpTo

  Line 301:                         popUpTo(R.id.loginFragment) { 
inclusive = true }
                                            ^ Unresolved reference: 
R

  Line 301:                         popUpTo(R.id.loginFragment) { 
inclusive = true }
                                                                  ^ 
Unresolved reference: inclusive

  Line 308:             val coupleId = pathSegments.getOrNull(1) ?: 
return
                        ^ Unreachable code

  Line 308:             val coupleId = pathSegments.getOrNull(1) ?: 
return
                            ^ Variable 'coupleId' is never used

  Line 309:             val navHost = 
supportFragmentManager.findFragmentById(R.id.nav_host_fragment) as 
NavHostFragment
                        ^ Unreachable code

  Line 309:             val navHost = 
supportFragmentManager.findFragmentById(R.id.nav_host_fragment) as 
NavHostFragment
                                      ^ Unresolved reference: 
supportFragmentManager

  Line 309:             val navHost = 
supportFragmentManager.findFragmentById(R.id.nav_host_fragment) as 
NavHostFragment
                                                                    
          ^ Unresolved reference: R

  Line 309:             val navHost = 
supportFragmentManager.findFragmentById(R.id.nav_host_fragment) as 
NavHostFragment
                                                                    
                                     ^ Unresolved reference: 
NavHostFragment

  Line 310:             
navHost.navController.navigate(R.id.action_global_signalFragment) {
                        ^ Unreachable code

  Line 310:             
navHost.navController.navigate(R.id.action_global_signalFragment) {
                                                       ^ Unresolved 
reference: R

  Line 311:                 popUpTo(R.id.loginFragment) { inclusive 
= true }
                            ^ Unresolved reference: popUpTo

  Line 311:                 popUpTo(R.id.loginFragment) { inclusive 
= true }
                                    ^ Unresolved reference: R

  Line 311:                 popUpTo(R.id.loginFragment) { inclusive 
= true }
                                                          ^ 
Unresolved reference: inclusive

  Line 312:                 launchSingleTop = true
                            ^ Unresolved reference: launchSingleTop

  Line 316: }package com.pulse.app.ui.invite
             ^ Expecting an element

  Line 316: }package com.pulse.app.ui.invite
                         ^ Unresolved reference: pulse

  Line 318: import android.content.Context
                          ^ Expecting an element

  Line 318: import android.content.Context
                                  ^ Expecting an element

  Line 318: import android.content.Context
            ^ Unresolved reference: import

  Line 319: import android.content.Intent
                          ^ Expecting an element

  Line 319: import android.content.Intent
                                  ^ Expecting an element

  Line 319: import android.content.Intent
            ^ Unresolved reference: import

  Line 320: import androidx.lifecycle.ViewModel
                           ^ Expecting an element

  Line 320: import androidx.lifecycle.ViewModel
                                     ^ Expecting an element

  Line 320: import androidx.lifecycle.ViewModel
            ^ Unresolved reference: import

  Line 321: import androidx.lifecycle.viewModelScope
                           ^ Expecting an element

  Line 321: import androidx.lifecycle.viewModelScope
                                     ^ Expecting an element

  Line 321: import androidx.lifecycle.viewModelScope
            ^ Unresolved reference: import

  Line 322: import com.pulse.app.network.ApiService
                      ^ Expecting an element

  Line 322: import com.pulse.app.network.ApiService
                            ^ Expecting an element

  Line 322: import com.pulse.app.network.ApiService
                                ^ Expecting an element

  Line 322: import com.pulse.app.network.ApiService
                                        ^ Expecting an element

  Line 322: import com.pulse.app.network.ApiService
            ^ Unresolved reference: import

  Line 323: import dagger.hilt.android.lifecycle.HiltViewModel
                         ^ Expecting an element

  Line 323: import dagger.hilt.android.lifecycle.HiltViewModel
                              ^ Expecting an element

  Line 323: import dagger.hilt.android.lifecycle.HiltViewModel
                                      ^ Expecting an element

  Line 323: import dagger.hilt.android.lifecycle.HiltViewModel
                                                ^ Expecting an 
element

  Line 323: import dagger.hilt.android.lifecycle.HiltViewModel
            ^ Unresolved reference: import

  Line 324: import kotlinx.coroutines.flow.MutableStateFlow
                          ^ Expecting an element

  Line 324: import kotlinx.coroutines.flow.MutableStateFlow
                                     ^ Expecting an element

  Line 324: import kotlinx.coroutines.flow.MutableStateFlow
                                          ^ Expecting an element

  Line 324: import kotlinx.coroutines.flow.MutableStateFlow
            ^ Unresolved reference: import

  Line 325: import kotlinx.coroutines.flow.StateFlow
                          ^ Expecting an element

  Line 325: import kotlinx.coroutines.flow.StateFlow
                                     ^ Expecting an element

  Line 325: import kotlinx.coroutines.flow.StateFlow
                                          ^ Expecting an element

  Line 325: import kotlinx.coroutines.flow.StateFlow
            ^ Unresolved reference: import

  Line 326: import kotlinx.coroutines.launch
                          ^ Expecting an element

  Line 326: import kotlinx.coroutines.launch
                                     ^ Expecting an element

  Line 326: import kotlinx.coroutines.launch
            ^ Unresolved reference: import

  Line 327: import javax.inject.Inject
                        ^ Expecting an element

  Line 327: import javax.inject.Inject
                               ^ Expecting an element

  Line 327: import javax.inject.Inject
            ^ Unresolved reference: import

  Line 329: @HiltViewModel
            ^ Declarations are not allowed in this position

  Line 329: @HiltViewModel
             ^ Unresolved reference: HiltViewModel

  Line 330: class InviteViewModel @Inject constructor(private val 
api: ApiService): ViewModel() {
                                                                    
                ^ Unresolved reference: ViewModel

  Line 331:     private val _inviteLink = 
MutableStateFlow<String?>(null)
                                          ^ Unresolved reference: 
MutableStateFlow

  Line 332:     val inviteLink: StateFlow<String?> = _inviteLink
                                ^ Unresolved reference: StateFlow

  Line 335:         viewModelScope.launch {
                    ^ Unresolved reference: viewModelScope

  Line 336:             val res = api.createInvite()
                                      ^ Suspend function 
'createInvite' should be called only from a coroutine or another 
suspend function

  Line 338:                 _inviteLink.value = 
res.body()?.inviteLink
                                        ^ Variable expected

  Line 340:                 _inviteLink.value = null
                                        ^ Variable expected

  Line 345:     fun shareInvite(context: Context, link: String) {
                                         ^ Unresolved reference: 
Context

  Line 346:         val intent = Intent(Intent.ACTION_SEND).apply {
                                 ^ Unresolved reference: Intent

  Line 346:         val intent = Intent(Intent.ACTION_SEND).apply {
                                        ^ Unresolved reference: 
Intent

  Line 347:             type = "text/plain"
                        ^ Function invocation 'type(...)' expected

  Line 347:             type = "text/plain"
                        ^ Unresolved reference. None of the 
following candidates is applicable because of receiver type 
mismatch: 
                            public inline fun 
ObjectConfigurationAction.type(pluginClass: KClass<*>): 
ObjectConfigurationAction defined in org.gradle.kotlin.dsl

  Line 348:             putExtra(Intent.EXTRA_TEXT, link)
                        ^ Unresolved reference: putExtra

  Line 348:             putExtra(Intent.EXTRA_TEXT, link)
                                 ^ Unresolved reference: Intent

  Line 350:         val chooser = Intent.createChooser(intent, 
"Share invite")
                                  ^ Unresolved reference: Intent

  Line 351:         chooser.addFlags(Intent.FLAG_ACTIVITY_NEW_TASK)
                                     ^ Unresolved reference: Intent

  Line 354: }package com.pulse.app.di
             ^ Expecting an element

  Line 354: }package com.pulse.app.di
                         ^ Unresolved reference: pulse

  Line 356: import android.content.Context
                          ^ Expecting an element

  Line 356: import android.content.Context
                                  ^ Expecting an element

  Line 356: import android.content.Context
            ^ Unresolved reference: import

  Line 357: import com.pulse.app.network.ApiService
                      ^ Expecting an element

  Line 357: import com.pulse.app.network.ApiService
                            ^ Expecting an element

  Line 357: import com.pulse.app.network.ApiService
                                ^ Expecting an element

  Line 357: import com.pulse.app.network.ApiService
                                        ^ Expecting an element

  Line 357: import com.pulse.app.network.ApiService
            ^ Unresolved reference: import

  Line 358: import com.squareup.moshi.Moshi
                      ^ Expecting an element

  Line 358: import com.squareup.moshi.Moshi
                               ^ Expecting an element

  Line 358: import com.squareup.moshi.Moshi
                                     ^ Expecting an element

  Line 358: import com.squareup.moshi.Moshi
            ^ Unresolved reference: import

  Line 359: import dagger.Module
                         ^ Expecting an element

  Line 359: import dagger.Module
            ^ Unresolved reference: import

  Line 360: import dagger.Provides
                         ^ Expecting an element

  Line 360: import dagger.Provides
            ^ Unresolved reference: import

  Line 361: import dagger.hilt.InstallIn
                         ^ Expecting an element

  Line 361: import dagger.hilt.InstallIn
                              ^ Expecting an element

  Line 361: import dagger.hilt.InstallIn
            ^ Unresolved reference: import

  Line 362: import dagger.hilt.components.SingletonComponent
                         ^ Expecting an element

  Line 362: import dagger.hilt.components.SingletonComponent
                              ^ Expecting an element

  Line 362: import dagger.hilt.components.SingletonComponent
                                         ^ Expecting an element

  Line 362: import dagger.hilt.components.SingletonComponent
            ^ Unresolved reference: import

  Line 363: import okhttp3.Interceptor
                          ^ Expecting an element

  Line 363: import okhttp3.Interceptor
            ^ Unresolved reference: import

  Line 364: import okhttp3.OkHttpClient
                          ^ Expecting an element

  Line 364: import okhttp3.OkHttpClient
            ^ Unresolved reference: import

  Line 365: import okhttp3.Request
                          ^ Expecting an element

  Line 365: import okhttp3.Request
            ^ Unresolved reference: import

  Line 366: import retrofit2.Retrofit
                            ^ Expecting an element

  Line 366: import retrofit2.Retrofit
            ^ Unresolved reference: import

  Line 367: import retrofit2.converter.moshi.MoshiConverterFactory
                            ^ Expecting an element

  Line 367: import retrofit2.converter.moshi.MoshiConverterFactory
                                      ^ Expecting an element

  Line 367: import retrofit2.converter.moshi.MoshiConverterFactory
                                            ^ Expecting an element

  Line 367: import retrofit2.converter.moshi.MoshiConverterFactory
            ^ Unresolved reference: import

  Line 368: import javax.inject.Singleton
                        ^ Expecting an element

  Line 368: import javax.inject.Singleton
                               ^ Expecting an element

  Line 368: import javax.inject.Singleton
            ^ Unresolved reference: import

  Line 372: object NetworkModule {
            ^ Declarations are not allowed in this position

  Line 399: }package com.pulse.app.network
             ^ Expecting an element

  Line 399: }package com.pulse.app.network
                         ^ Unresolved reference: pulse

  Line 401: import retrofit2.http.Body
                            ^ Expecting an element

  Line 401: import retrofit2.http.Body
                                 ^ Expecting an element

  Line 401: import retrofit2.http.Body
            ^ Unresolved reference: import

  Line 402: import retrofit2.http.POST
                            ^ Expecting an element

  Line 402: import retrofit2.http.POST
                                 ^ Expecting an element

  Line 402: import retrofit2.http.POST
            ^ Unresolved reference: import

  Line 403: import retrofit2.http.Path
                            ^ Expecting an element

  Line 403: import retrofit2.http.Path
                                 ^ Expecting an element

  Line 403: import retrofit2.http.Path
            ^ Unresolved reference: import

  Line 404: import retrofit2.http.Headers
                            ^ Expecting an element

  Line 404: import retrofit2.http.Headers
                                 ^ Expecting an element

  Line 404: import retrofit2.http.Headers
            ^ Unresolved reference: import

  Line 405: import retrofit2.http.GET
                            ^ Expecting an element

  Line 405: import retrofit2.http.GET
                                 ^ Expecting an element

  Line 405: import retrofit2.http.GET
            ^ Unresolved reference: import

  Line 406: import retrofit2.Call
                            ^ Expecting an element

  Line 406: import retrofit2.Call
            ^ Unresolved reference: import

  Line 407: import retrofit2.Response
                            ^ Expecting an element

  Line 407: import retrofit2.Response
            ^ Unresolved reference: import

  Line 409: data class CreateInviteResponse(val inviteLink: String, 
val expiresAt: String)
            ^ Unresolved reference: data

  Line 413:     @POST("invite/create")
                 ^ Unresolved reference: POST

  Line 414:     suspend fun createInvite(): 
Response<CreateInviteResponse>
                                            ^ Unresolved reference: 
Response

  Line 416:     @POST("couple/join/{token}")
                 ^ Unresolved reference: POST

  Line 417:     suspend fun joinViaInvite(@Path("token", encoded = 
true) token: String): Response<JoinResponse>
                                                         ^ Cannot 
find a parameter with this name: encoded

  Line 417:     suspend fun joinViaInvite(@Path("token", encoded = 
true) token: String): Response<JoinResponse>
                                                                    
                     ^ Unresolved reference: Response

371 errors

* Try:
> Run with --stacktrace option to get the stack trace.
> Run with --info or --debug option to get more log output.
> Run with --scan to get full insights.
> Get more help at https://help.gradle.org.

BUILD FAILED in 4s
